
FAILURE: Build failed with an exception.

* What went wrong:
A problem occurred configuring root project 'DigitalAlbumAndroid'.
> Could not resolve all artifacts for configuration 'classpath'.
   > Could not resolve com.android.tools.build:gradle:8.5.2.
     Required by:
         root project :
      > Could not resolve com.android.tools.build:gradle:8.5.2.
         > Could not get resource 'https://dl.google.com/dl/android/maven2/com/android/tools/build/gradle/8.5.2/gradle-8.5.2.pom'.
            > Could not GET 'https://dl.google.com/dl/android/maven2/com/android/tools/build/gradle/8.5.2/gradle-8.5.2.pom'. Received status code 403 from server: Forbidden
      > Could not resolve com.android.tools.build:gradle:8.5.2.
         > Could not get resource 'https://repo.maven.apache.org/maven2/com/android/tools/build/gradle/8.5.2/gradle-8.5.2.pom'.
            > Could not GET 'https://repo.maven.apache.org/maven2/com/android/tools/build/gradle/8.5.2/gradle-8.5.2.pom'. Received status code 403 from server: Forbidden
   > Could not resolve org.jetbrains.kotlin:kotlin-gradle-plugin:2.0.21.
     Required by:
         root project :
      > Could not resolve org.jetbrains.kotlin:kotlin-gradle-plugin:2.0.21.
         > Could not get resource 'https://dl.google.com/dl/android/maven2/org/jetbrains/kotlin/kotlin-gradle-plugin/2.0.21/kotlin-gradle-plugin-2.0.21.pom'.
            > Could not GET 'https://dl.google.com/dl/android/maven2/org/jetbrains/kotlin/kotlin-gradle-plugin/2.0.21/kotlin-gradle-plugin-2.0.21.pom'. Received status code 403 from server: Forbidden
      > Could not resolve org.jetbrains.kotlin:kotlin-gradle-plugin:2.0.21.
         > Could not get resource 'https://repo.maven.apache.org/maven2/org/jetbrains/kotlin/kotlin-gradle-plugin/2.0.21/kotlin-gradle-plugin-2.0.21.pom'.
            > Could not GET 'https://repo.maven.apache.org/maven2/org/jetbrains/kotlin/kotlin-gradle-plugin/2.0.21/kotlin-gradle-plugin-2.0.21.pom'. Received status code 403 from server: Forbidden

* Try:
> Run with --stacktrace option to get the stack trace.
> Run with --info or --debug option to get more log output.
> Run with --scan to get full insights.
> Get more help at https://help.gradle.org.

BUILD FAILED in 1s
